Trade outcome tracker started
LOSS #2343440367 $-0.33
WIN  #2343432261 $3.57
WIN  #2343438110 $2.69
WIN  #2343465313 $11.41
WIN  #2343476000 $0.37
LOSS #2343481195 $-1.68
LOSS #2343477432 $-8.41
WIN  #2343507600 $5.18
LOSS #2343513985 $-2.01
WIN  #2343516360 $4.47
LOSS #2343508353 $-37.22
LOSS #2343520826 $-1.08
LOSS #2343524167 $-1.56
LOSS #2343455283 $-9.29
LOSS #2343457595 $-8.79
LOSS #2343460323 $-8.53
LOSS #2343462753 $-7.34
LOSS #2343521247 $-8.86
LOSS #2343527977 $-15.37
LOSS #2343526901 $-9.96
WIN  #2343534643 $3.95
WIN  #2343547987 $3.60
LOSS #2343538225 $-17.62
WIN  #2343559366 $0.50
WIN  #2343558585 $4.95
LOSS #2343564808 $-1.66
WIN  #2343554128 $1.36
LOSS #2343570372 $-1.11
LOSS #2343578713 $-37.53
WIN  #2343582741 $28.05
LOSS #2343592717 $-0.54
WIN  #2343598213 $4.63
WIN  #2343605703 $1.27
LOSS #2343611835 $-19.81
WIN  #2343656400 $2.29
LOSS #3586330214 $-0.90
WIN  #3586328834 $2.03
WIN  #3586439590 $2.21
WIN  #3586448813 $1.41
WIN  #3586451992 $1.62
WIN  #3586455144 $1.43
WIN  #3586457324 $1.55
WIN  #3586457688 $1.36
WIN  #3586461102 $0.58
WIN  #3586461659 $0.55
WIN  #3586438500 $1.39
WIN  #3586438079 $1.73
LOSS #3586444241 $-4.44
LOSS #3586445793 $-3.44
LOSS #3586458989 $-3.94
LOSS #3586462964 $-3.06
WIN  #3586465470 $1.55
WIN  #3586466640 $0.86
WIN  #3586472041 $2.17
WIN  #3586473565 $2.38
WIN  #3586490376 $0.76
WIN  #3586475581 $2.54
WIN  #3586485959 $1.08
WIN  #3586487481 $1.09
WIN  #3586503618 $0.91
WIN  #3586520696 $0.92
WIN  #3586534798 $1.75
WIN  #3586533254 $1.34
WIN  #3586543337 $1.86
WIN  #3586551913 $1.40
Trade outcome tracker started
Trade outcome tracker started
WIN  #3594700657 $1.63
WIN  #3594704049 $1.67
WIN  #3594733001 $1.83
LOSS #3594741154 $-3.33
LOSS #3594755580 $-0.64
LOSS #3594765110 $-1.97
WIN  #3594784043 $3.16
WIN  #3594824121 $2.33
LOSS #3594757205 $-3.56
LOSS #3594770107 $-4.16
LOSS #3594781934 $-4.11
LOSS #3594808660 $-1.31
LOSS #3594816026 $-2.21
WIN  #3594793391 $2.47
WIN  #3594833918 $2.32
WIN  #3594842255 $1.75
LOSS #3594858637 $-1.24
LOSS #3594871141 $-2.40
LOSS #3594882161 $-1.49
LOSS #3594892479 $-1.32
WIN  #3594931319 $1.75
LOSS #3594908444 $-1.34
LOSS #3594929502 $-2.57
LOSS #3594936894 $-1.34
LOSS #3594807222 $-3.84
WIN  #3594921135 $2.28
WIN  #3594938874 $1.84
WIN  #3594904214 $3.54
WIN  #3594949715 $2.65
WIN  #3594988188 $2.52
LOSS #3594994137 $-2.05
LOSS #3595001839 $-2.81
LOSS #3595012553 $-0.67
WIN  #3594985579 $1.53
WIN  #3595004539 $1.64
LOSS #3595038606 $-1.83
LOSS #3595051886 $-0.45
WIN  #3595065623 $1.77
LOSS #3595083072 $-0.96
LOSS #3595050722 $-2.32
LOSS #3595059221 $-1.44
LOSS #3595070738 $-1.29
LOSS #3595089030 $-1.22
WIN  #3595089595 $2.74
WIN  #3595072399 $2.30
WIN  #3595078876 $2.60
WIN  #3595084003 $1.73
LOSS #3595016775 $-4.03
LOSS #3595025004 $-4.02
LOSS #3595034954 $-3.13
LOSS #3595112530 $-1.79
WIN  #3595098994 $3.61
WIN  #3595117299 $1.82
WIN  #3595109948 $1.72
LOSS #3595143873 $-1.71
WIN  #3595137284 $3.00
WIN  #3595146290 $2.31
LOSS #3595136464 $-3.09
LOSS #3595169880 $-0.80
WIN  #3595164851 $2.49
LOSS #3595173330 $-3.53
LOSS #3594965780 $-2.09
LOSS #3595125437 $-4.25
WIN  #3595157012 $1.15
WIN  #3595163601 $1.68
WIN  #3595176561 $3.82
WIN  #3595179775 $2.98
WIN  #3595187488 $2.30
WIN  #3595194458 $2.10
LOSS #3595212540 $-1.40
LOSS #3595216198 $-1.04
WIN  #3595203151 $2.57
WIN  #3595215074 $2.35
WIN  #3595210730 $2.27
LOSS #3595230094 $-3.09
LOSS #3595241465 $-1.56
WIN  #3595233519 $2.19
WIN  #3595242749 $2.06
LOSS #3595256471 $-2.10
LOSS #3595224959 $-6.31
WIN  #3595247551 $2.36
WIN  #3595254654 $2.02
WIN  #3595260921 $1.08
WIN  #3595271000 $2.67
LOSS #3595306989 $-2.26
LOSS #3595329745 $-1.33
WIN  #3595337540 $3.26
WIN  #3595321485 $1.79
WIN  #3595327769 $2.91
WIN  #3595368332 $1.87
LOSS #3595383478 $-0.69
LOSS #3595357346 $-5.02
LOSS #3595364683 $-5.92
LOSS #3595396762 $-0.39
WIN  #3595382989 $1.96
WIN  #3595390389 $1.76
WIN  #3595394692 $1.48
WIN  #3595407091 $3.17
WIN  #3595444635 $2.05
WIN  #3595446609 $1.36
LOSS #3595479008 $-1.15
WIN  #3595445889 $3.55
LOSS #3595452577 $-5.69
WIN  #3595469862 $3.08
WIN  #3595473880 $2.55
WIN  #3595571434 $1.76
LOSS #3595890785 $-2.15
LOSS #3595898243 $-3.49
LOSS #3595905394 $-2.94
WIN  #3595888846 $2.77
WIN  #3595908018 $3.11
WIN  #3595917938 $3.13
LOSS #3595937028 $-2.13
WIN  #3595931916 $2.17
WIN  #3595955560 $1.88
WIN  #3595958949 $2.25
WIN  #3595944148 $3.10
WIN  #3595971524 $2.57
WIN  #3595952588 $2.15
WIN  #3595991560 $2.67
WIN  #3595985472 $1.20
WIN  #3596005555 $2.57
LOSS #3596007939 $-3.55
WIN  #3596023061 $0.99
LOSS #3596035113 $-4.45
WIN  #3596037203 $4.37
WIN  #3596052562 $2.87
WIN  #3596096859 $2.38
WIN  #3596073686 $1.56
LOSS #3596084093 $-4.22
LOSS #3596093993 $-4.66
LOSS #3596100983 $-4.00
LOSS #3596112982 $-3.72
LOSS #3596138346 $-1.19
LOSS #3596107761 $-0.44
LOSS #3596135179 $-1.14
LOSS #3596148683 $-0.64
WIN  #3596182811 $2.11
WIN  #3596205013 $2.46
WIN  #3596219374 $2.09
WIN  #3596236717 $2.15
WIN  #3596241038 $3.58
WIN  #3596260637 $2.38
WIN  #3596281149 $2.98
WIN  #3596270900 $1.81
WIN  #3596291412 $3.12
WIN  #3596309239 $3.07
LOSS #3596320047 $-2.02
WIN  #3596323162 $1.55
LOSS #3596344098 $-3.24
WIN  #3596369546 $2.61
LOSS #3596381631 $-1.72
WIN  #3596382824 $1.30
LOSS #3596395582 $-2.89
LOSS #3596405494 $-0.95
WIN  #3596408910 $1.99
LOSS #3596339517 $-7.69
LOSS #3596433849 $-1.36
WIN  #3596151492 $7.21
WIN  #3596426044 $6.27
WIN  #3596479032 $2.12
WIN  #3596492639 $2.38
LOSS #3596503892 $-5.05
LOSS #3596513233 $-4.04
WIN  #3596472054 $2.17
WIN  #3596508886 $3.63
WIN  #3596523778 $2.88
WIN  #3596534471 $1.31
WIN  #3596548246 $1.65
LOSS #3596561194 $-1.49
WIN  #3596565196 $2.97
WIN  #3596622883 $2.02
WIN  #3596633992 $1.90
WIN  #3596578068 $0.14
WIN  #3596586033 $0.32
WIN  #3596592216 $0.23
LOSS #3596593565 $-1.36
WIN  #3596607545 $0.69
LOSS #3596609698 $-1.63
WIN  #3596613105 $1.27
WIN  #3596623281 $0.50
LOSS #3596627466 $-1.11
LOSS #3596637019 $-2.88
WIN  #3596641791 $0.89
LOSS #3596649374 $-0.87
LOSS #3596654137 $-0.23
WIN  #3596663516 $2.06
WIN  #3596600543 $3.18
WIN  #3596671584 $2.43
WIN  #3596677500 $3.66
WIN  #3596693797 $2.35
LOSS #3596722585 $-2.99
WIN  #3596704627 $2.62
LOSS #3596738769 $-1.73
WIN  #3596716841 $3.34
WIN  #3596734428 $2.64
WIN  #3596747509 $1.75
WIN  #3596767185 $2.26
LOSS #3596762919 $-4.09
LOSS #3596772406 $-3.54
WIN  #3596775173 $1.94
LOSS #3596803593 $-2.17
WIN  #3596833949 $3.16
WIN  #3596790816 $3.89
WIN  #3596805983 $4.03
WIN  #3596846972 $4.37
WIN  #3597225087 $2.09
WIN  #3597235377 $2.49
WIN  #3597251399 $2.04
WIN  #3597247153 $2.23
WIN  #3597269652 $2.10
WIN  #3597255590 $1.89
WIN  #3597300531 $2.28
LOSS #3597239413 $-2.70
WIN  #3597243986 $1.53
LOSS #3597249394 $-0.33
LOSS #3597250698 $-0.10
LOSS #3597261862 $-2.78
WIN  #3597263426 $1.19
LOSS #3597277618 $-2.52
LOSS #3597284802 $-2.71
WIN  #3597307653 $0.68
LOSS #3597313174 $-0.19
WIN  #3597324474 $2.23
WIN  #3597345420 $1.81
WIN  #3597353528 $2.08
WIN  #3597361990 $1.78
LOSS #3597357831 $-3.14
LOSS #3597365590 $-1.89
LOSS #3597373736 $-0.24
LOSS #3597375974 $-0.47
WIN  #3597368007 $2.60
LOSS #3597402957 $-0.50
LOSS #3597395154 $-2.17
WIN  #3597388203 $2.42
WIN  #3597396444 $1.95
LOSS #3597412889 $-0.87
LOSS #3597339240 $-3.48
WIN  #3597348728 $0.90
WIN  #3597354895 $0.10
LOSS #3597378323 $-2.73
LOSS #3597382515 $-3.93
LOSS #3597388897 $-3.88
LOSS #3597392215 $-4.20
WIN  #3597404074 $1.99
WIN  #3597407152 $1.35
WIN  #3597422692 $1.77
WIN  #3597427947 $0.30
LOSS #3597429602 $-0.59
LOSS #3597432745 $-4.83
WIN  #3597435537 $3.64
WIN  #3597443424 $2.11
LOSS #3597451876 $-1.78
WIN  #3597455591 $2.27
LOSS #3597517836 $-2.20
WIN  #3597491910 $1.62
WIN  #3597500188 $1.58
WIN  #3597507461 $2.20
WIN  #3597528960 $1.55
LOSS #3597522326 $-3.35
LOSS #3597537535 $-3.63
LOSS #3597542411 $-4.18
WIN  #3597555537 $1.07
WIN  #3597473080 $2.13
WIN  #3597481643 $2.17
WIN  #3597467026 $2.21
WIN  #3597567050 $2.59
WIN  #3597581631 $1.68
WIN  #3597597037 $2.46
WIN  #3597631922 $2.07
WIN  #3597648311 $2.28
WIN  #3597638247 $2.51
LOSS #3597615482 $-0.37
LOSS #3597625869 $-1.86
LOSS #3597634441 $-0.09
LOSS #3597656424 $-2.45
WIN  #3597663382 $1.68
WIN  #3597684543 $2.09
WIN  #3597699984 $0.25
WIN  #3597691000 $2.63
WIN  #3597710578 $3.03
WIN  #3597731719 $2.72
LOSS #3597725676 $-1.75
WIN  #3597735936 $1.14
LOSS #3597741224 $-2.55
WIN  #3597743412 $1.58
WIN  #3597750490 $4.72
LOSS #3597761431 $-0.80
LOSS #3597791487 $-1.60
WIN  #3597793103 $1.88
WIN  #3597799409 $2.49
WIN  #3597773940 $2.94
WIN  #3597785790 $3.05
WIN  #3597807390 $2.61
WIN  #3597855021 $1.97
WIN  #3597828190 $1.87
WIN  #3597868593 $0.80
WIN  #3597887075 $2.84
WIN  #3597903103 $0.04
WIN  #3597914106 $1.05
LOSS #3597918008 $-1.93
WIN  #3597931655 $2.98
WIN  #3597987711 $2.32
LOSS #3597957528 $-3.44
LOSS #3597971328 $-4.94
WIN  #3597998504 $2.72
LOSS #3597946103 $-5.29
WIN  #3598005707 $3.33
WIN  #3598014667 $3.61
WIN  #3598021522 $2.91
LOSS #3598041101 $-7.79
LOSS #3598034516 $-9.44
WIN  #3598616564 $1.86
WIN  #3598622259 $2.15
WIN  #3598628103 $2.12
WIN  #3598635218 $1.36
WIN  #3598659638 $2.67
WIN  #3598669089 $2.05
WIN  #3598674278 $2.16
WIN  #3598697543 $14.49
WIN  #3598822168 $14.26
WIN  #3598957950 $3.72
WIN  #3598967653 $3.44
WIN  #3599366859 $2.18
WIN  #3599595487 $0.63
WIN  #3599601720 $0.65
WIN  #3599386364 $1.87
WIN  #3599423182 $2.45
WIN  #3599977989 $1.74
WIN  #3599988414 $1.45
LOSS #3599973593 $-2.59
WIN  #3599999124 $2.08
WIN  #3600001065 $2.44
WIN  #3600026521 $2.01
WIN  #3600035307 $2.36
LOSS #3600057831 $-2.65
LOSS #3600073482 $-1.12
WIN  #3600065356 $2.71
WIN  #3600072392 $1.80
LOSS #3600127242 $-2.69
LOSS #3600135722 $-2.51
LOSS #3600139774 $-2.85
LOSS #3600151701 $-2.21
WIN  #3600132876 $2.54
WIN  #3600142430 $1.91
LOSS #3600159961 $-3.09
WIN  #3600163982 $2.42
LOSS #3600168066 $-1.97
LOSS #3600172981 $-3.98
WIN  #3600177280 $3.09
LOSS #3600193197 $-0.25
WIN  #3600109552 $1.96
WIN  #3600200220 $1.68
WIN  #3600081263 $0.35
WIN  #3600104705 $0.33
LOSS #3600119892 $-3.27
LOSS #3600187276 $-4.10
LOSS #3600194993 $-3.72
LOSS #3600199543 $-3.96
LOSS #3600214867 $-0.18
WIN  #3600087973 $2.11
WIN  #3600097255 $3.11
WIN  #3600210278 $1.84
WIN  #3600228943 $2.20
LOSS #3600245859 $-3.60
WIN  #3600254076 $2.44
LOSS #3600248164 $-4.28
WIN  #3600218514 $1.75
LOSS #3600012159 $-7.61
WIN  #3600264579 $3.84
WIN  #3600293590 $1.76
WIN  #3600326716 $1.95
LOSS #3600310105 $-5.22
LOSS #3600321808 $-5.05
LOSS #3600334540 $-3.28
WIN  #3600337130 $3.04
WIN  #3600299752 $1.77
WIN  #3600349481 $1.69
WIN  #3600379580 $2.41
WIN  #3600397482 $1.46
WIN  #3600375068 $0.87
LOSS #3600391044 $-4.22
LOSS #3600403636 $-5.01
WIN  #3600422329 $1.45
WIN  #3600430281 $1.38
WIN  #3600382701 $2.69
WIN  #3600455435 $2.46
WIN  #3600466438 $2.66
LOSS #3600442649 $-1.72
LOSS #3600452830 $-1.51
LOSS #3600479835 $-1.65
WIN  #3600497533 $0.80
WIN  #3600365632 $4.09
WIN  #3600702785 $5.82
Error: <urlopen error [Errno -3] Temporary failure in name resolution>
Error: <urlopen error [Errno -3] Temporary failure in name resolution>
Error: <urlopen error [Errno -3] Temporary failure in name resolution>
Error: <urlopen error [Errno -3] Temporary failure in name resolution>
Error: <urlopen error EOF occurred in violation of protocol (_ssl.c:2406)>
Error: <urlopen error [Errno -3] Temporary failure in name resolution>
Error: <urlopen error [Errno -3] Temporary failure in name resolution>
Error: <urlopen error [Errno -3] Temporary failure in name resolution>
Error: <urlopen error [Errno -3] Temporary failure in name resolution>
Trade outcome tracker started
WIN  #3600969664 $2.26
WIN  #3601068546 $2.61
WIN  #3601105081 $2.44
WIN  #3601127220 $2.51
LOSS #3600991897 $-12.90
LOSS #3601145872 $-0.32
WIN  #3601163021 $4.32
WIN  #3601181742 $6.87
WIN  #3601200806 $2.37
LOSS #3601242379 $-0.89
WIN  #3601250900 $2.98
Error: <urlopen error [Errno -3] Temporary failure in name resolution>
Error: <urlopen error [Errno -3] Temporary failure in name resolution>
WIN  #3601273903 $2.02
WIN  #3601325391 $3.62
WIN  #3601385420 $2.40
WIN  #3601402416 $3.32
LOSS #3601421955 $-10.64
LOSS #3601436282 $-5.05
LOSS #3601456720 $-0.70
WIN  #3601442212 $2.90
LOSS #3601471043 $-1.69
WIN  #3601486622 $2.58
WIN  #3601459667 $3.64
WIN  #3601499978 $2.53
LOSS #3601547745 $-2.84
WIN  #3601525842 $1.60
WIN  #3601540031 $2.74
WIN  #3601556899 $1.18
WIN  #3601569547 $1.41
LOSS #3601624065 $-7.46
LOSS #3601648522 $-5.50
LOSS #3601667328 $-2.22
WIN  #3601686455 $1.95
WIN  #3601719341 $2.37
WIN  #3601741335 $2.74
WIN  #3601760154 $2.21
WIN  #3601756483 $0.01
WIN  #3601766963 $1.90
WIN  #3601781439 $1.41
WIN  #3601840223 $0.04
LOSS #3601808090 $-2.10
LOSS #3601732127 $-16.46
LOSS #3601747612 $-16.82
LOSS #3601777232 $-8.80
WIN  #3601831028 $5.69
WIN  #3601879077 $5.13
WIN  #3601907810 $2.11
WIN  #3601918403 $0.40
WIN  #3601928580 $0.96
LOSS #3601933691 $-2.83
WIN  #3601938677 $1.44
WIN  #3601966938 $0.32
WIN  #3601952091 $4.37
WIN  #3602038562 $1.03
WIN  #3602054909 $2.01
LOSS #3602087036 $-0.39
WIN  #3602002606 $1.71
WIN  #3602032654 $2.39
LOSS #3602120783 $-5.26
WIN  #3602147352 $2.95
WIN  #3602162229 $1.00
LOSS #3602159929 $-8.80
WIN  #3602177331 $4.75
WIN  #3602194369 $2.86
WIN  #3602212140 $0.71
WIN  #3602220990 $1.65
WIN  #3602234170 $2.59
WIN  #3602242556 $3.86
WIN  #3602264771 $2.11
WIN  #3602256077 $2.35
WIN  #3602322224 $1.69
LOSS #3602362757 $-0.01
WIN  #3602341922 $0.79
LOSS #3602367106 $-5.18
LOSS #3602394245 $-2.77
LOSS #3602417562 $-1.48
WIN  #3602351228 $2.22
WIN  #3602428121 $2.66
LOSS #3602449025 $-6.37
WIN  #3602452944 $3.87
LOSS #3602460266 $-4.68
LOSS #3602301734 $-10.35
WIN  #3602404363 $2.53
WIN  #3602415697 $1.71
WIN  #3602426775 $1.65
WIN  #3602468515 $2.03
LOSS #3602484264 $-3.83
WIN  #3602486129 $2.58
WIN  #3602492938 $1.43
WIN  #3602518592 $3.77
WIN  #3602534153 $2.69
WIN  #3602562491 $1.58
WIN  #3602543805 $3.54
WIN  #3602575858 $2.08
WIN  #3602590256 $1.58
WIN  #3602566983 $1.90
WIN  #3602636018 $2.97
LOSS #3602633432 $-3.62
LOSS #3602663878 $-0.21
LOSS #3602598076 $-8.20
LOSS #3602503174 $-7.81
LOSS #3602510444 $-7.29
WIN  #3602541826 $3.48
WIN  #3602617824 $3.58
WIN  #3602651544 $3.69
WIN  #3602270424 $1.49
WIN  #3602665589 $3.43
WIN  #3602685317 $2.70
WIN  #3602720584 $2.35
LOSS #3602712826 $-4.48
LOSS #3602736723 $-1.11
WIN  #3602730282 $3.73
WIN  #3602739179 $2.75
WIN  #3602758285 $2.36
WIN  #3602784192 $1.55
LOSS #3602786388 $-2.25
LOSS #3602796567 $-2.11
WIN  #3602769480 $1.71
WIN  #3602792657 $1.85
WIN  #3602802996 $1.65
WIN  #3602823789 $2.72
WIN  #3602835801 $1.09
LOSS #3602819601 $-4.38
LOSS #3602831471 $-4.18
WIN  #3602842491 $3.13
WIN  #3602850322 $4.89
WIN  #3602860594 $3.52
WIN  #3602868494 $2.27
LOSS #3602775377 $-8.49
LOSS #3602883825 $-0.91
LOSS #3602894195 $-0.25
WIN  #3602907115 $2.09
LOSS #3602912091 $-3.43
LOSS #3602927370 $-5.00
LOSS #3602929719 $-4.39
LOSS #3602935879 $-4.37
WIN  #3602946663 $1.72
WIN  #3602956104 $2.02
WIN  #3602962543 $0.69
LOSS #3602984978 $-3.15
WIN  #3602992082 $0.85
WIN  #3603006127 $1.84
WIN  #3603067607 $0.41
WIN  #3603028340 $2.65
WIN  #3603047401 $2.91
LOSS #3603090433 $-4.35
LOSS #3603099666 $-4.19
WIN  #3603096335 $3.69
WIN  #3603110269 $3.06
LOSS #3603126915 $-0.07
WIN  #3603122123 $1.11
LOSS #3603076004 $-7.08
WIN  #3603129892 $1.47
LOSS #3603157036 $-3.22
LOSS #3603171271 $-3.33
WIN  #3603192860 $2.17
WIN  #3603201274 $0.22
LOSS #3603214566 $-4.12
WIN  #3603215975 $2.84
LOSS #3603230447 $-0.10
LOSS #3603139961 $-9.00
LOSS #3603149542 $-10.12
WIN  #3603224539 $4.04
WIN  #3603233896 $2.36
WIN  #3603037767 $4.68
WIN  #3603245970 $3.26
LOSS #3603377599 $-0.16
LOSS #3603399670 $-2.02
WIN  #3603403158 $1.93
WIN  #3603415614 $2.11
WIN  #3603421955 $1.05
WIN  #3603430499 $2.59
WIN  #3603438033 $2.36
WIN  #3603446243 $3.22
WIN  #3603454989 $2.19
WIN  #3603474890 $2.88
WIN  #3603498866 $3.06
WIN  #3603511911 $2.01
WIN  #3603519089 $1.74
WIN  #3603522666 $2.40
WIN  #3603527332 $2.49
LOSS #3603710430 $-1.72
LOSS #3603714995 $-2.49
Trade outcome tracker started
LOSS #3603776748 $-3.52
LOSS #3603780806 $-3.98
LOSS #3603783529 $-4.06
LOSS #3603785691 $-3.17
WIN  #3603872805 $1.17
LOSS #3603868755 $-3.36
WIN  #3603877412 $0.63
LOSS #3603915700 $-0.07
WIN  #3603927721 $2.02
WIN  #3603903222 $3.51
WIN  #3603921052 $3.33
LOSS #3603947064 $-1.00
WIN  #3603937278 $4.69
WIN  #3603943538 $4.78
WIN  #3603961307 $1.18
WIN  #3603957608 $1.86
LOSS #3603965195 $-2.60
LOSS #3603983925 $-2.17
WIN  #3603984981 $1.60
WIN  #3603988628 $1.81
WIN  #3603993203 $1.48
LOSS #3604005593 $-2.49
LOSS #3604012061 $-3.43
LOSS #3604016699 $-3.25
LOSS #3604021444 $-4.08
LOSS #3603970596 $-0.75
LOSS #3603975797 $-0.47
WIN  #3603978352 $0.77
LOSS #3603997131 $-3.27
WIN  #3604011220 $2.78
WIN  #3604015271 $2.49
WIN  #3604018893 $2.59
WIN  #3604026657 $1.20
WIN  #3604029594 $1.26
WIN  #3604032410 $1.12
LOSS #3604040598 $-3.44
LOSS #3604140360 $-2.79
LOSS #3604143387 $-3.11
LOSS #3604146879 $-2.78
WIN  #3604149496 $1.36
WIN  #3604154089 $1.12
WIN  #3604157027 $1.12
WIN  #3604160124 $2.05
WIN  #3605935880 $0.47
WIN  #3605930395 $3.71
LOSS #3605947535 $-0.21
WIN  #3605944726 $1.14
WIN  #3605950535 $1.19
LOSS #3605923809 $-9.02
LOSS #3605930931 $-7.25
WIN  #3605960659 $1.11
WIN  #3605977960 $0.46
LOSS #3605991652 $-2.44
WIN  #3605996166 $1.42
WIN  #3605970650 $3.01
WIN  #3605989325 $3.92
LOSS #3606012986 $-7.14
WIN  #3606052506 $3.86
LOSS #3606048617 $-5.24
WIN  #3606028959 $1.89
WIN  #3606058835 $2.82
WIN  #3606067289 $1.97
WIN  #3606085494 $1.41
WIN  #3606090102 $0.78
WIN  #3606079237 $1.70
WIN  #3606116808 $1.93
WIN  #3606122461 $3.16
WIN  #3606184963 $1.91
WIN  #3606192519 $2.18
WIN  #3606130038 $0.02
LOSS #3606145969 $-3.56
LOSS #3606152695 $-4.57
LOSS #3606176829 $-2.49
WIN  #3606187862 $0.53
LOSS #3606200200 $-2.86
LOSS #3606207260 $-2.94
WIN  #3606212499 $0.52
LOSS #3606215465 $-2.28
WIN  #3606136192 $3.79
WIN  #3606168328 $3.42
WIN  #3606172466 $3.21
WIN  #3606179885 $3.38
WIN  #3606184187 $3.80
WIN  #3606228730 $1.77
WIN  #3606236225 $1.88
LOSS #3606257317 $-7.81
WIN  #3606286182 $1.72
LOSS #3606302068 $-10.55
WIN  #3606309614 $3.13
WIN  #3606354940 $2.08
LOSS #3606410473 $-4.24
WIN  #3606428994 $2.15
WIN  #3606435789 $1.53
LOSS #3606434838 $-3.40
LOSS #3606420747 $-3.46
LOSS #3606441872 $-4.00
WIN  #3606452271 $1.11
LOSS #3606462794 $-2.55
WIN  #3606474259 $2.88
LOSS #3606464729 $-5.71
LOSS #3606472032 $-5.05
WIN  #3606333340 $5.16
WIN  #3606343862 $5.43
WIN  #3606373503 $5.46
WIN  #3606483281 $4.33
WIN  #3606487778 $4.52
WIN  #3606491839 $4.50
WIN  #3606509020 $1.80
WIN  #3606559032 $1.98
LOSS #3606538298 $-5.25
LOSS #3606560396 $-2.53
WIN  #3606517983 $1.43
WIN  #3606601663 $2.00
WIN  #3606622714 $2.17
LOSS #3606623727 $-2.37
LOSS #3606603551 $-1.80
LOSS #3606617796 $-1.25
LOSS #3606576595 $-5.31
LOSS #3606586254 $-6.40
LOSS #3606593067 $-5.21
WIN  #3606612853 $0.87
WIN  #3606630224 $1.03
WIN  #3606882394 $1.12
WIN  #3606844040 $3.38
WIN  #3606875005 $2.14
WIN  #3607176341 $1.78
WIN  #3607188895 $2.31
LOSS #3607222654 $-0.11
WIN  #3607244215 $0.32
WIN  #3607208314 $1.02
WIN  #3607212954 $1.37
WIN  #3607231066 $1.55
WIN  #3607451522 $1.88
WIN  #3607494033 $1.18
WIN  #3607478268 $3.83
WIN  #3607485620 $5.05
LOSS #3607541700 $-0.76
LOSS #3607574257 $-1.52
LOSS #3607580329 $-1.92
LOSS #3607588472 $-1.99
WIN  #3607590829 $1.43
LOSS #3607532888 $-3.50
WIN  #3607549503 $2.99
WIN  #3607558446 $2.03
WIN  #3607562894 $1.99
WIN  #3607595787 $1.76
WIN  #3607639549 $1.21
LOSS #3607611498 $-5.37
LOSS #3607621311 $-5.23
LOSS #3607636558 $-3.71
WIN  #3607648861 $1.94
WIN  #3607655510 $1.16
WIN  #3607667620 $2.89
WIN  #3607669816 $2.94
WIN  #3607673978 $1.53
WIN  #3607681675 $1.63
WIN  #3607689758 $1.35
LOSS #3607698047 $-5.10
LOSS #3607706723 $-5.30
WIN  #3607755094 $1.85
WIN  #3607748506 $2.08
WIN  #3607910356 $2.43
WIN  #3607906854 $2.99
WIN  #3607990919 $0.51
WIN  #3607954279 $0.59
WIN  #3607968264 $1.37
WIN  #3607973340 $0.64
LOSS #3608000129 $-3.34
WIN  #3608000806 $2.29
WIN  #3608004180 $2.36
WIN  #3608015985 $1.01
WIN  #3608035840 $0.08
WIN  #3608028561 $4.59
WIN  #3608051486 $2.77
WIN  #3608100201 $1.38
WIN  #3608120134 $1.42
WIN  #3608093500 $1.42
LOSS #3608115415 $-3.65
WIN  #3608132536 $1.01
WIN  #3608144504 $2.02
WIN  #3608157124 $1.78
WIN  #3608180923 $1.81
WIN  #3608199186 $1.05
LOSS #3608190118 $-4.10
LOSS #3608171291 $-6.03
LOSS #3608182620 $-3.94
WIN  #3608214397 $2.07
WIN  #3608241964 $1.38
LOSS #3608257830 $-5.05
WIN  #3608262982 $3.67
WIN  #3608273477 $2.41
WIN  #3608302625 $1.36
WIN  #3608297489 $3.43
WIN  #3608321832 $3.13
WIN  #3608330048 $1.53
WIN  #3608339444 $1.34
LOSS #3608286202 $-6.10
LOSS #3608293393 $-6.07
LOSS #3608310946 $-6.16
WIN  #3608081509 $1.68
WIN  #3608221835 $3.36
WIN  #3608234292 $2.45
WIN  #3608073833 $2.94
WIN  #3608422144 $2.27
WIN  #3608447702 $1.80
WIN  #3608469681 $1.47
WIN  #3608503457 $1.02
LOSS #3608482929 $-2.14
LOSS #3608496223 $-2.13
WIN  #3608480947 $1.65
WIN  #3608491953 $1.57
WIN  #3608512137 $1.16
LOSS #3608520694 $-2.60
LOSS #3608530734 $-3.53
LOSS #3608537440 $-2.10
WIN  #3608547276 $2.10
WIN  #3608575487 $0.77
LOSS #3608585771 $-1.77
LOSS #3608596106 $-1.02
LOSS #3608604530 $-0.13
WIN  #3608558955 $1.17
WIN  #3608566492 $1.58
WIN  #3608599386 $1.54
WIN  #3608612635 $2.75
WIN  #3608617222 $2.48
LOSS #3608629215 $-5.53
LOSS #3608636113 $-5.85
WIN  #3608743511 $3.03
WIN  #3608781838 $2.26
WIN  #3608793093 $0.04
LOSS #3608803699 $-1.07
LOSS #3608835213 $-7.76
Trade outcome tracker started
LOSS #3609053216 $-4.49
LOSS #3609098498 $-0.99
WIN  #3609266944 $1.44
LOSS #3609181034 $-3.41
LOSS #3609205318 $-2.00
LOSS #3609277238 $-1.36
LOSS #3609286511 $-0.68
WIN  #3609274989 $2.36
WIN  #3609281716 $2.44
WIN  #3609266429 $1.51
WIN  #3609313509 $1.62
WIN  #3609327458 $1.58
LOSS #3609290024 $-2.35
LOSS #3609307937 $-3.58
WIN  #3609319162 $1.36
LOSS #3609321275 $-1.83
LOSS #3609228472 $-2.31
LOSS #3609254857 $-2.78
LOSS #3609118623 $-6.84
LOSS #3609464566 $-0.10
LOSS #3609475908 $-0.78
WIN  #3609459914 $1.05
WIN  #3609541579 $0.08
WIN  #3610000380 $1.82
WIN  #3609819935 $1.30
LOSS #3610166698 $-2.03
LOSS #3610382438 $-0.97
WIN  #3610503611 $0.22
WIN  #3610254613 $0.29
WIN  #3610550971 $2.12
WIN  #3610551331 $1.75
LOSS #3610670912 $-7.37
LOSS #3610680552 $-5.75
LOSS #3610682602 $-6.26
LOSS #3610692656 $-5.65
LOSS #3610692940 $-5.66
LOSS #3610694586 $-5.63
LOSS #3610699602 $-5.88
LOSS #3610701206 $-5.73
LOSS #3610770931 $-1.18
LOSS #3610770932 $-1.18
LOSS #3609671507 $-12.50
LOSS #3610084641 $-6.35
LOSS #3610756739 $-6.02
LOSS #3610893090 $-0.89
LOSS #3610904200 $-2.57
LOSS #3610906417 $-2.40
LOSS #3610914990 $-0.83
LOSS #3610940163 $-0.97
LOSS #3610943088 $-0.99
LOSS #3610952778 $-0.68
LOSS #3610954566 $-0.33
LOSS #3610966335 $-0.67
LOSS #3610967126 $-1.41
WIN  #3610981122 $3.37
WIN  #3610981539 $12.51
WIN  #3610992590 $11.01
WIN  #3610993063 $10.72
WIN  #3611006917 $11.33
WIN  #3611007706 $10.76
WIN  #3611017484 $9.31
WIN  #3611018146 $9.56
WIN  #3611030671 $7.58
WIN  #3611033057 $6.24
WIN  #3611440848 $2.02
WIN  #3611436764 $3.70
WIN  #3611453855 $1.58
WIN  #3611479319 $0.55
WIN  #3611456302 $3.13
WIN  #3611469874 $3.08
WIN  #3611470544 $3.51
WIN  #3611478607 $3.10
WIN  #3611487775 $4.89
WIN  #3611488656 $4.92
WIN  #3611501026 $0.30
WIN  #3611502441 $1.57
WIN  #3611527322 $1.71
WIN  #3611516486 $3.55
WIN  #3611519857 $2.80
WIN  #3611530486 $3.80
WIN  #3611537306 $2.30
LOSS #3611831927 $-5.89
LOSS #3611837777 $-6.50
LOSS #3610871365 $-1.78
LOSS #3612805736 $-3.96
LOSS #3612806174 $-3.69
WIN  #3612979845 $1.45
LOSS #3613021156 $-1.62
LOSS #3612987328 $-6.72
LOSS #3612991437 $-6.39
LOSS #3612996201 $-6.77
WIN  #3614416898 $0.90
WIN  #3615012656 $1.67
WIN  #3615029794 $1.91
Error: The read operation timed out
WIN  #3617105963 $2.24
WIN  #3617106346 $2.01
WIN  #3617106477 $2.29
WIN  #3617107171 $2.08
WIN  #3617107498 $1.79
WIN  #3617110349 $1.48
WIN  #3617110679 $1.67
WIN  #3617112487 $2.15
WIN  #3617113176 $2.49
WIN  #3617113566 $2.16
WIN  #3617113911 $2.03
WIN  #3617114316 $1.44
WIN  #3617116273 $1.93
WIN  #3617116822 $1.43
WIN  #3617119226 $1.37
WIN  #3617119928 $1.41
WIN  #3617216932 $1.59
WIN  #3617245512 $0.58
WIN  #3617255566 $1.74
LOSS #3617204436 $-17.16
LOSS #3617572209 $-1.75
WIN  #3617267055 $0.42
LOSS #3617170231 $-15.51
LOSS #3617171514 $-14.98
LOSS #3617380236 $-7.49
Error: HTTP Error 502: Bad Gateway
Error: HTTP Error 502: Bad Gateway
WIN  #3618154530 $1.22
LOSS #3618157373 $-1.87
LOSS #3618157723 $-2.26
LOSS #3618161436 $-2.97
LOSS #3618152417 $-3.85
LOSS #3618153174 $-3.35
WIN  #3618522958 $16.96
WIN  #3618383264 $15.55
LOSS #3618923313 $-7.59
WIN  #3618727387 $0.71
WIN  #3618722728 $1.70
WIN  #3619279764 $1.66
WIN  #3619263388 $3.10
WIN  #3619268001 $2.67
WIN  #3619270252 $3.32
WIN  #3619562297 $1.49
WIN  #3619553513 $0.54
WIN  #3619558756 $0.36
LOSS #3619582649 $-6.98
LOSS #3619584332 $-6.33
LOSS #3620086156 $-3.10
WIN  #3620235930 $1.33
WIN  #3620264475 $2.47
WIN  #3620370131 $0.98
WIN  #3620384240 $1.07
WIN  #3620388059 $5.07
WIN  #3620411473 $0.68
WIN  #3620413844 $0.44
WIN  #3620423731 $2.20
WIN  #3620431939 $2.01
WIN  #3620483251 $1.22
WIN  #3620490893 $4.08
WIN  #3620492877 $3.90
WIN  #3620498302 $3.80
WIN  #3620499170 $3.74
WIN  #3620503733 $4.21
LOSS #3620556667 $-0.14
WIN  #3620606337 $1.46
LOSS #3620609358 $-4.48
WIN  #3620582097 $0.73
LOSS #3620769566 $-3.77
LOSS #3620926435 $-0.34
LOSS #3620927987 $-0.70
LOSS #3620929496 $-0.48
LOSS #3620765166 $-4.33
LOSS #3620931277 $-0.20
LOSS #3620933773 $-1.03
LOSS #3620577622 $-8.24
LOSS #3620581176 $-8.52
WIN  #3620941385 $6.08
WIN  #3620942519 $5.84
WIN  #3620449650 $1.20
WIN  #3620446788 $2.37
WIN  #3620454631 $3.17
LOSS #3620866260 $-14.90
LOSS #3620914419 $-12.97
WIN  #3621176355 $2.42
LOSS #3621178942 $-3.63
LOSS #3621180946 $-3.34
LOSS #3621181716 $-3.66
LOSS #3621197111 $-3.76
WIN  #3621263066 $2.41
WIN  #3621264463 $2.46
WIN  #3621267750 $2.11
WIN  #3621177872 $4.19
LOSS #3621294394 $-0.85
LOSS #3621295540 $-1.25
LOSS #3621296120 $-1.04
LOSS #3621296547 $-1.07
WIN  #3621440466 $2.64
WIN  #3621440897 $2.57
WIN  #3621441191 $2.35
WIN  #3621442166 $2.22
WIN  #3621443099 $2.29
WIN  #3621501926 $2.02
WIN  #3621454041 $1.65
WIN  #3621453033 $1.41
WIN  #3621453692 $1.39
LOSS #3622052386 $-8.00
LOSS #3622052972 $-7.84
LOSS #3622053644 $-7.16
LOSS #3622054226 $-7.04
LOSS #3622054955 $-7.15
WIN  #3622118994 $0.88
WIN  #3622331057 $1.29
WIN  #3622335051 $2.09
WIN  #3622339457 $2.29
WIN  #3622341770 $1.47
WIN  #3622343134 $1.69
WIN  #3622346664 $1.62
WIN  #3622253098 $0.90
WIN  #3622799304 $1.73
WIN  #3622793267 $3.01
WIN  #3622802923 $1.90
WIN  #3622806955 $2.02
WIN  #3622810888 $1.22
WIN  #3622820800 $1.31
WIN  #3622822120 $1.65
WIN  #3622808680 $1.96
WIN  #3622827434 $1.36
WIN  #3622830303 $1.31
WIN  #3622831672 $1.62
WIN  #3622831061 $1.75
WIN  #3622829189 $1.16
LOSS #3622843072 $-15.71
LOSS #3622843758 $-15.97
LOSS #3622844475 $-16.46
LOSS #3622845995 $-16.25
LOSS #3623324996 $-0.17
LOSS #3623327275 $-0.69
LOSS #3623328004 $-0.25
LOSS #3623328648 $-0.61
LOSS #3623329037 $-0.49
LOSS #3623487417 $-4.09
LOSS #3623491059 $-4.39
LOSS #3623493406 $-2.75
WIN  #3623591654 $2.30
WIN  #3623592992 $0.71
WIN  #3623601067 $1.35
WIN  #3623603347 $1.24
WIN  #3623603978 $1.29
WIN  #3623617658 $1.02
WIN  #3623665182 $1.70
WIN  #3623668849 $1.07
WIN  #3623673025 $1.00
WIN  #3623674253 $0.99
WIN  #3623657701 $3.74
WIN  #3623662459 $2.67
WIN  #3623663943 $2.72
WIN  #3623726982 $1.40
WIN  #3623723709 $1.13
WIN  #3623682178 $0.44
WIN  #3623683684 $0.64
LOSS #3623729288 $-6.26
LOSS #3623729783 $-6.31
LOSS #3623738159 $-6.68
WIN  #3623682868 $0.80
WIN  #3623678803 $1.37
WIN  #3623680867 $3.43
WIN  #3624237246 $2.31
WIN  #3624238352 $1.97
WIN  #3624239007 $1.92
WIN  #3624239356 $1.97
WIN  #3624236618 $2.39
LOSS #3624368238 $-4.65
LOSS #3624370762 $-4.83
WIN  #3624613434 $0.06
WIN  #3624614606 $2.49
WIN  #3624618314 $2.67
WIN  #3624619597 $2.35
WIN  #3624620126 $2.24
LOSS #3624639886 $-0.05
WIN  #3624644547 $0.36
WIN  #3624641451 $2.12
WIN  #3624646588 $1.67
WIN  #3623689550 $5.92
WIN  #3624642719 $7.01
LOSS #3624799252 $-0.66
LOSS #3624800306 $-0.77
LOSS #3624801177 $-1.07
LOSS #3624802021 $-1.02
LOSS #3624802781 $-0.67
Error: The read operation timed out
WIN  #3625206112 $1.28
WIN  #3625210718 $1.35
WIN  #3625212804 $0.29
WIN  #3625213496 $1.84
WIN  #3625211240 $2.30
LOSS #3625221988 $-1.23
LOSS #3625225982 $-1.85
LOSS #3625229068 $-2.44
LOSS #3625231496 $-2.17
LOSS #3625232884 $-2.30
Error: The read operation timed out
LOSS #3625326762 $-0.12
WIN  #3625318245 $1.47
WIN  #3625319246 $1.29
WIN  #3625319849 $1.26
WIN  #3625321303 $1.29
LOSS #3625368378 $-3.50
LOSS #3625371493 $-3.96
WIN  #3625515369 $3.34
LOSS #3625498991 $-4.67
LOSS #3625506686 $-5.52
LOSS #3625522118 $-5.76
LOSS #3625523016 $-5.51
LOSS #3625615836 $-6.44
LOSS #3626374835 $-18.34
WIN  #3627327051 $2.63
WIN  #3627418161 $2.28
WIN  #3627418538 $2.81
LOSS #3627429422 $-7.22
WIN  #3627521048 $4.56
WIN  #3627534367 $8.32
WIN  #3627534472 $8.17
WIN  #3627551030 $8.31
WIN  #3627588887 $2.25
WIN  #3627613773 $1.48
WIN  #3627589053 $2.71
LOSS #3627876708 $-10.89
WIN  #3627575410 $3.31
WIN  #3627575520 $3.20
WIN  #3627624766 $2.91
WIN  #3627895154 $4.84
WIN  #3629007658 $1.23
WIN  #3629012684 $1.54
WIN  #3629045602 $1.86
WIN  #3629050022 $2.27
WIN  #3629052338 $2.22
WIN  #3629662106 $2.92
WIN  #3629677314 $2.05
WIN  #3629672055 $3.27
WIN  #3629685401 $2.63
WIN  #3629689355 $2.21
WIN  #3629694134 $1.55
WIN  #3629717819 $17.20
WIN  #3629721783 $17.41
WIN  #3629724529 $15.86
WIN  #3629727522 $16.83
WIN  #3629767520 $7.87
WIN  #3629803292 $12.97
WIN  #3629809716 $15.97
WIN  #3629817554 $18.43
WIN  #3629822686 $19.30
WIN  #3629826097 $19.00
WIN  #3629894426 $2.16
WIN  #3630067565 $2.37
LOSS #3630078734 $-22.89
LOSS #3630085018 $-23.26
LOSS #3629900531 $-39.57
LOSS #3629906513 $-36.11
LOSS #3629915285 $-34.72
WIN  #3630858062 $8.22
WIN  #3630863245 $7.24
WIN  #3630869307 $7.43
WIN  #3630871983 $8.11
WIN  #3630907537 $3.30
WIN  #3630015648 $0.45
LOSS #3630964178 $-0.12
WIN  #3630972975 $0.48
LOSS #3631085667 $-3.16
LOSS #3631099252 $-3.33
WIN  #3631080100 $7.85
WIN  #3631093916 $7.10
LOSS #3631453333 $-2.91
LOSS #3631458808 $-1.92
LOSS #3631464730 $-2.48
LOSS #3631470397 $-1.89
LOSS #3633078433 $-3.78
WIN  #3634776469 $11.79
LOSS #3635578886 $-10.76
LOSS #3637261046 $-3.27
LOSS #3637265965 $-4.91
LOSS #3637264386 $-4.11
LOSS #3637270487 $-4.43
WIN  #3639149275 $2.44
WIN  #3639154632 $1.87
WIN  #3639157133 $2.50
WIN  #3639160021 $1.88
Error: The read operation timed out
WIN  #3638181507 $1.97
Error: The read operation timed out
WIN  #3644276550 $1.44
WIN  #3644277372 $1.47
WIN  #3644277888 $1.84
WIN  #3644278302 $1.28
WIN  #3644278526 $1.70
WIN  #3644284146 $8.46
WIN  #3644284366 $8.66
WIN  #3644308275 $1.30
WIN  #3644308847 $1.22
WIN  #3644309257 $0.73
LOSS #3644312655 $-0.59
Error: The read operation timed out
Error: The read operation timed out
Error: The read operation timed out
Error: The read operation timed out
WIN  #3646415614 $2.41
LOSS #3644313561 $-6.84
LOSS #3644318169 $-7.06
LOSS #3644318978 $-6.65
WIN  #3646431618 $0.73
LOSS #3646438271 $-2.29
WIN  #3646441983 $0.40
WIN  #3646455800 $0.11
LOSS #3646453548 $-2.74
LOSS #3646459947 $-2.50
LOSS #3646485230 $-0.11
WIN  #3646487897 $0.60
WIN  #3646492767 $0.63
WIN  #3646507785 $16.32
WIN  #3646510617 $17.84
WIN  #3646513683 $17.06
WIN  #3646622845 $2.07
LOSS #3646663798 $-0.19
WIN  #3646679019 $0.01
WIN  #3646672497 $3.06
WIN  #3646687780 $0.32
WIN  #3646692741 $0.43
WIN  #3646702238 $1.22
LOSS #3646711133 $-0.57
LOSS #3646714745 $-0.53
WIN  #3646745668 $0.70
WIN  #3644316518 $20.26
WIN  #3644316843 $20.06
WIN  #3646756119 $0.17
LOSS #3646769850 $-0.87
WIN  #3646776306 $0.18
LOSS #3646780621 $-0.02
LOSS #3646791251 $-0.37
WIN  #3646814990 $0.02
WIN  #3646817537 $0.02
LOSS #3646773380 $-6.23
LOSS #3646773929 $-6.21
WIN  #3646828431 $3.04
WIN  #3646839775 $0.45
LOSS #3646766234 $-5.99
LOSS #3646767274 $-5.96
LOSS #3646768617 $-5.65
WIN  #3646848812 $4.14
WIN  #3646877742 $3.10
LOSS #3646844648 $-6.80
LOSS #3646848001 $-8.01
WIN  #3646904151 $4.58
WIN  #3646916392 $1.38
LOSS #3646933225 $-1.15
LOSS #3646861621 $-4.42
LOSS #3646958461 $-2.24
LOSS #3646970078 $-2.50
WIN  #3647004894 $0.57
WIN  #3647015907 $0.15
WIN  #3647046554 $1.49
LOSS #3646871902 $-6.38
LOSS #3646866146 $-6.43
WIN  #3647066108 $0.23
WIN  #3647053751 $3.37
LOSS #3646924378 $-7.46
LOSS #3646926164 $-7.05
LOSS #3647080162 $-0.40
WIN  #3646949941 $10.58
WIN  #3647075356 $15.40
WIN  #3647079836 $16.88
WIN  #3647090560 $14.10
WIN  #3647091318 $14.35
LOSS #3647199792 $-0.01
WIN  #3647205532 $1.56
WIN  #3647247499 $0.84
WIN  #3647258181 $0.93
WIN  #3647261981 $1.03
WIN  #3647254523 $0.37
WIN  #3647428431 $0.96
WIN  #3647429632 $3.66
WIN  #3647430911 $3.13
WIN  #3647431832 $2.97
WIN  #3647433118 $2.72
WIN  #3647433743 $2.65
WIN  #3647500605 $0.37
WIN  #3647502272 $1.48
WIN  #3647494166 $0.96
WIN  #3647495749 $0.54
WIN  #3647496584 $0.56
WIN  #3647506986 $0.82
WIN  #3647507511 $0.98
WIN  #3647514414 $2.86
WIN  #3647528273 $1.46
WIN  #3647528986 $1.20
WIN  #3647531708 $1.18
WIN  #3647535305 $0.63
WIN  #3647537652 $0.38
WIN  #3647542342 $0.72
WIN  #3647556065 $0.84
WIN  #3647557986 $0.34
WIN  #3647554395 $1.45
WIN  #3647553174 $0.49
WIN  #3647561599 $0.65
WIN  #3647567320 $0.47
WIN  #3647567846 $0.76
WIN  #3647551306 $0.61
WIN  #3647676407 $1.01
WIN  #3647677385 $1.20
WIN  #3647678275 $1.15
WIN  #3647686072 $0.62
LOSS #3647684000 $-0.01
WIN  #3647686671 $0.16
WIN  #3647698142 $0.49
WIN  #3647709177 $0.69
Error: The read operation timed out
Error: The read operation timed out
WIN  #3647724585 $1.23
WIN  #3647718892 $2.48
WIN  #3647719362 $2.75
WIN  #3647732013 $2.79
WIN  #3647649133 $0.57
WIN  #3647761275 $2.22
WIN  #3647788501 $1.36
WIN  #3647635912 $0.75
WIN  #3647790437 $0.90
WIN  #3647769647 $1.51
WIN  #3647780611 $1.31
Error: The read operation timed out
WIN  #3647813955 $1.04
WIN  #3647816628 $2.02
WIN  #3647817773 $1.74
WIN  #3647820061 $1.51
WIN  #3647820476 $1.68
WIN  #3647820855 $1.51
WIN  #3647821460 $1.96
WIN  #3647827322 $2.30
WIN  #3647835457 $2.78
WIN  #3647839129 $2.10
WIN  #3647885412 $0.21
WIN  #3647883562 $0.77
WIN  #3647887319 $0.81
WIN  #3647888697 $1.35
LOSS #3647905486 $-0.06
WIN  #3647905923 $0.01
WIN  #3647912602 $0.35
WIN  #3647913698 $1.13
WIN  #3647879141 $0.79
WIN  #3647882331 $0.73
WIN  #3647899633 $1.10
WIN  #3647947183 $0.87
WIN  #3647955831 $0.89
WIN  #3647962128 $2.64
WIN  #3647965832 $1.72
WIN  #3647972022 $2.00
WIN  #3647982581 $2.53
WIN  #3647988964 $2.16
WIN  #3647993100 $1.89
WIN  #3648000506 $1.98
LOSS #3648214517 $-0.81
Error: The read operation timed out
LOSS #3648788056 $-0.75
WIN  #3648795052 $1.31
WIN  #3648835958 $0.24
LOSS #3648840132 $-0.52
WIN  #3648814941 $0.28
LOSS #3648853892 $-0.70
LOSS #3648809851 $-1.75
Error: The read operation timed out
Error: The read operation timed out
WIN  #3649032657 $0.21
WIN  #3649062053 $0.31
WIN  #3649066571 $0.18
WIN  #3649076185 $0.10
LOSS #3649098702 $-0.18
WIN  #3649087960 $1.33
LOSS #3649136593 $-2.83
LOSS #3649168553 $-2.84
LOSS #3649218606 $-0.41
Error: The read operation timed out
LOSS #3649328125 $-6.79
LOSS #3649350852 $-7.03
WIN  #3649505162 $1.14
WIN  #3649545528 $1.57
WIN  #3649470159 $1.81
WIN  #3649574766 $1.73
WIN  #3649450880 $1.51
WIN  #3649445497 $1.31
WIN  #3649446422 $1.34
Error: The read operation timed out
WIN  #3649714633 $0.45
WIN  #3649710275 $0.99
WIN  #3649751059 $2.04
LOSS #3649618353 $-5.75
WIN  #3649770131 $0.64
WIN  #3649783214 $1.01
WIN  #3649784247 $1.46
WIN  #3649807479 $1.72
WIN  #3649807841 $1.48
WIN  #3649811747 $1.65
WIN  #3649843958 $1.28
WIN  #3649844335 $1.49
WIN  #3649834881 $0.65
LOSS #3649612928 $-6.53
LOSS #3649628777 $-6.32
WIN  #3649964814 $0.63
WIN  #3649953960 $0.73
WIN  #3649958619 $0.62
WIN  #3649961593 $0.80
WIN  #3649963950 $0.87
WIN  #3649970331 $1.11
LOSS #3649986740 $-0.19
WIN  #3649985708 $0.82
WIN  #3650034503 $2.06
WIN  #3650044406 $0.89
WIN  #3650051334 $1.39
WIN  #3650067299 $1.39
WIN  #3650103132 $0.32
LOSS #3650077995 $-6.71
LOSS #3650084600 $-6.55
LOSS #3650071131 $-6.92
LOSS #3650081248 $-7.13
LOSS #3650087037 $-7.26
WIN  #3650243862 $2.02
WIN  #3650245668 $1.35
WIN  #3650247648 $1.21
WIN  #3650249832 $0.86
WIN  #3650254253 $0.83
WIN  #3650255800 $0.89
WIN  #3650252466 $1.17
WIN  #3650259085 $1.10
WIN  #3650276131 $0.95
WIN  #3650279763 $0.88
WIN  #3650278145 $1.26
WIN  #3650283464 $1.03
WIN  #3650310924 $1.00
WIN  #3650312138 $1.15
WIN  #3650452675 $1.08
WIN  #3650287979 $1.73
WIN  #3650292149 $1.42
WIN  #3650299295 $1.08
WIN  #3650465116 $1.45
WIN  #3650470686 $0.93
WIN  #3650484549 $1.09
WIN  #3650497633 $1.11
WIN  #3650498310 $1.21
WIN  #3650499243 $1.10
WIN  #3650510105 $0.82
WIN  #3650535852 $0.65
WIN  #3650554220 $0.82
WIN  #3650507836 $1.25
WIN  #3650511607 $1.29
WIN  #3650513903 $1.32
WIN  #3650527690 $1.37
WIN  #3650562003 $2.23
WIN  #3650716515 $0.08
WIN  #3650751344 $0.26
LOSS #3650772856 $-0.25
WIN  #3650795002 $0.92
WIN  #3650803903 $0.71
WIN  #3650845773 $0.77
WIN  #3650828854 $4.61
WIN  #3650863265 $0.08
LOSS #3650903329 $-0.51
WIN  #3650887220 $1.79
LOSS #3650911851 $-0.01
LOSS #3650937587 $-2.26
WIN  #3650948787 $0.62
LOSS #3650977938 $-2.02
LOSS #3651067377 $-2.41
WIN  #3651117605 $0.53
LOSS #3651111928 $-2.35
WIN  #3651133082 $0.28
LOSS #3651138779 $-1.64
LOSS #3651152893 $-1.20
Error: The read operation timed out
LOSS #3648215173 $-6.38
LOSS #3651778485 $-0.95
LOSS #3651838453 $-7.13
LOSS #3651824625 $-5.56
WIN  #3651848362 $3.21
WIN  #3651935072 $0.55
WIN  #3651918732 $3.83
BE   #3651952070 $0.00
WIN  #3651968779 $0.27
WIN  #3651992974 $0.72
LOSS #3652018273 $-0.58
LOSS #3652035292 $-2.63
LOSS #3652051552 $-1.63
LOSS #3652113646 $-0.14
LOSS #3652130298 $-0.34
WIN  #3652147088 $1.38
WIN  #3652113061 $2.25
WIN  #3652205005 $0.09
LOSS #3652210334 $-1.77
WIN  #3652574305 $1.27
WIN  #3652719647 $0.69
WIN  #3652713915 $0.33
WIN  #3652790823 $0.36
LOSS #3652804242 $-2.69
WIN  #3652908146 $0.46
WIN  #3652888366 $0.99
WIN  #3652887367 $1.55
WIN  #3652917619 $0.67
LOSS #3652931592 $-8.79
LOSS #3652934495 $-8.67
LOSS #3652938973 $-8.42
LOSS #3652921332 $-3.94
WIN  #3653151174 $1.87
WIN  #3653247535 $1.40
WIN  #3653295185 $1.95
LOSS #3653598408 $-7.30
LOSS #3654180361 $-0.48
WIN  #3654224474 $0.77
LOSS #3654231094 $-9.44
WIN  #3654265792 $0.38
WIN  #3654274271 $1.46
WIN  #3654282123 $3.72
WIN  #3654290443 $2.94
WIN  #3654297233 $1.35
WIN  #3654311557 $2.12
LOSS #3654304871 $-1.88
WIN  #3654321864 $0.50
WIN  #3654327641 $2.97
WIN  #3654352206 $0.22
WIN  #3654344926 $2.69
WIN  #3654368614 $0.35
LOSS #3654393329 $-0.26
LOSS #3654374447 $-1.05
WIN  #3654380816 $1.01
LOSS #3654403869 $-0.23
LOSS #3654418101 $-1.30
WIN  #3654399932 $3.12
WIN  #3654460077 $0.46
WIN  #3654455500 $2.08
WIN  #3654469999 $0.77
LOSS #3654445085 $-6.46
LOSS #3654448982 $-6.34
WIN  #3654473267 $8.99
LOSS #3654519590 $-8.15
WIN  #3654530607 $2.62
WIN  #3654540188 $2.13
WIN  #3654546461 $5.29
WIN  #3654561658 $1.92
WIN  #3654566675 $1.45
WIN  #3654575273 $1.58
WIN  #3654442740 $3.41
LOSS #3654617684 $-8.71
WIN  #3654670369 $1.76
WIN  #3654693084 $0.22
LOSS #3654697533 $-8.14
WIN  #3654811568 $0.36
WIN  #3654830483 $2.27
LOSS #3654841388 $-2.15
WIN  #3654855719 $0.75
LOSS #3654873799 $-0.61
LOSS #3654881424 $-1.41
WIN  #3654901483 $1.32
WIN  #3654904957 $1.56
WIN  #3654918488 $0.61
LOSS #3654949920 $-1.03
WIN  #3654957234 $1.01
LOSS #3654968041 $-1.78
LOSS #3654496417 $-6.14
LOSS #3654975887 $-8.46
LOSS #3655056288 $-0.85
LOSS #3655177718 $-7.28
LOSS #3655126305 $-8.73
LOSS #3655156538 $-8.53
WIN  #3655143742 $5.96
WIN  #3655236584 $3.61
WIN  #3655259047 $2.11
LOSS #3655269421 $-7.73
WIN  #3655276144 $4.55
LOSS #3656617964 $-9.04
LOSS #3657612180 $-11.66
WIN  #3658463073 $1.29
LOSS #3659620577 $-7.00
WIN  #3661269309 $1.55
WIN  #3662484314 $0.87
Error: HTTP Error 530: <none>
WIN  #3662469087 $2.12
WIN  #3662473328 $2.00
Error: HTTP Error 530: <none>
LOSS #3663006160 $-7.09
WIN  #3663219779 $1.51
WIN  #3672032051 $1.55
WIN  #3672037838 $2.58
WIN  #3672089562 $1.34
LOSS #3672098113 $-6.32
WIN  #3672960332 $1.11
LOSS #3672957875 $-6.66
LOSS #3672958459 $-7.16
WIN  #3673079328 $0.77
WIN  #3673093218 $0.73
WIN  #3673094865 $0.79
WIN  #3673088005 $1.32
WIN  #3673103489 $1.21
LOSS #3673084927 $-3.51
LOSS #3673100560 $-2.75
LOSS #3673106035 $-2.98
WIN  #3673186098 $0.89
WIN  #3673208628 $1.44
WIN  #3673214451 $1.57
WIN  #3673185437 $0.75
WIN  #3673189546 $0.47
WIN  #3673223407 $1.72
WIN  #3673224716 $1.38
WIN  #3673225223 $1.35
WIN  #3673230756 $0.92
WIN  #3673231597 $1.62
WIN  #3673237442 $1.34
WIN  #3673238271 $1.42
WIN  #3673238767 $1.24
WIN  #3673239260 $1.33
LOSS #3673246139 $-1.02
LOSS #3673247090 $-0.75
LOSS #3673249533 $-0.41
LOSS #3673253973 $-0.83
LOSS #3673255884 $-0.22
WIN  #3673256875 $0.08
LOSS #3673257502 $-0.16
LOSS #3673258078 $-0.11
WIN  #3673261283 $1.07
WIN  #3673263251 $1.98
WIN  #3673264125 $1.89
WIN  #3673402470 $1.72
LOSS #3673410049 $-0.89
LOSS #3673444759 $-1.99
LOSS #3673447739 $-2.00
WIN  #3673558976 $2.26
WIN  #3673565546 $1.95
WIN  #3673574480 $3.55
WIN  #3673578665 $3.52
WIN  #3673594961 $1.15
WIN  #3673596188 $1.16
WIN  #3673609371 $1.22
WIN  #3673626538 $2.00
WIN  #3673628949 $1.61
WIN  #3673629827 $1.75
WIN  #3673630494 $1.06
WIN  #3673639689 $1.29
WIN  #3673640899 $2.17
WIN  #3673641846 $2.14
WIN  #3673643603 $1.43
LOSS #3673611520 $-6.39
WIN  #3673665629 $0.91
WIN  #3673666726 $0.76
WIN  #3673668755 $0.99
WIN  #3673682848 $1.44
WIN  #3673685648 $1.46
WIN  #3673696213 $0.84
WIN  #3673701301 $1.17
WIN  #3673733874 $0.86
WIN  #3673790218 $1.74
WIN  #3673791155 $1.63
WIN  #3673627681 $0.65
WIN  #3673658678 $2.32
WIN  #3673659380 $2.62
WIN  #3673703356 $2.46
WIN  #3673707313 $2.86
LOSS #3673798576 $-6.65
LOSS #3673799445 $-6.71
WIN  #3673890922 $1.03
WIN  #3673892540 $0.89
WIN  #3673893689 $0.93
WIN  #3673894489 $0.73
WIN  #3673895889 $0.95
LOSS #3673681628 $-7.06
LOSS #3673732243 $-7.36
LOSS #3673732931 $-7.04
WIN  #3673966939 $1.10
WIN  #3673975907 $1.34
WIN  #3673976799 $1.47
WIN  #3673979985 $0.92
WIN  #3674001767 $0.37
WIN  #3674002494 $0.59
WIN  #3674003160 $0.54
WIN  #3673992261 $0.57
WIN  #3674025037 $1.30
WIN  #3673963490 $1.80
WIN  #3673968671 $1.49
WIN  #3673981121 $2.03
WIN  #3673999917 $3.28
WIN  #3674042391 $2.54
LOSS #3674019390 $-7.14
LOSS #3674021033 $-7.26
LOSS #3674016712 $-6.97
WIN  #3674054542 $0.76
WIN  #3674056433 $0.69
WIN  #3674059434 $0.75
WIN  #3674061904 $0.69
WIN  #3674062871 $0.88
LOSS #3674011992 $-7.44
WIN  #3674101917 $1.97
WIN  #3674105818 $2.01
WIN  #3674106638 $1.69
WIN  #3674109465 $0.98
WIN  #3674103705 $1.30
WIN  #3674110470 $1.75
WIN  #3674130704 $0.74
WIN  #3674160716 $0.94
WIN  #3674115609 $0.91
WIN  #3674116597 $0.90
WIN  #3674117742 $0.90
WIN  #3674118888 $1.13
WIN  #3674199706 $1.30
WIN  #3674200485 $1.54
WIN  #3674201412 $1.95
WIN  #3674205262 $2.19
WIN  #3674215835 $0.99
WIN  #3674216725 $0.73
WIN  #3674217532 $1.41
WIN  #3674119837 $0.95
WIN  #3674231138 $1.10
WIN  #3674237934 $1.24
LOSS #3674053038 $-5.55
LOSS #3674075622 $-5.28
LOSS #3674142565 $-5.57
LOSS #3674143320 $-6.30
LOSS #3674180533 $-6.76
WIN  #3674351896 $2.88
WIN  #3674354400 $1.59
WIN  #3674355931 $1.83
WIN  #3674359464 $1.14
WIN  #3674362081 $2.74
WIN  #3674368703 $2.69
WIN  #3674370409 $3.06
WIN  #3674372390 $2.44
WIN  #3674373374 $2.76
WIN  #3674376467 $0.29
WIN  #3674406737 $0.15
WIN  #3674409026 $1.54
WIN  #3674411127 $1.42
LOSS #3674413580 $-0.07
WIN  #3674414742 $0.14
WIN  #3674443130 $1.17
WIN  #3674455197 $1.13
WIN  #3674440421 $1.37
WIN  #3674442085 $0.84
WIN  #3674447417 $1.44
WIN  #3674473167 $1.18
WIN  #3674400012 $1.18
WIN  #3674519599 $1.09
WIN  #3674524368 $0.85
WIN  #3674482079 $1.05
WIN  #3674528801 $1.21
WIN  #3674477124 $0.53
WIN  #3674478249 $0.68
WIN  #3674479655 $1.02
WIN  #3674536162 $0.61
WIN  #3674537613 $0.51
LOSS #3674420445 $-6.82
LOSS #3674433204 $-6.65
LOSS #3674423644 $-7.05
LOSS #3674428209 $-7.28
LOSS #3674416543 $-7.63
WIN  #3674735214 $1.09
WIN  #3674739475 $1.57
WIN  #3674746869 $1.52
WIN  #3674744059 $1.39
WIN  #3674781635 $1.62
WIN  #3674782333 $1.65
WIN  #3674791961 $2.35
WIN  #3674751358 $0.79
WIN  #3674759349 $0.99
WIN  #3674761398 $1.28
LOSS #3674788993 $-6.18
WIN  #3674755127 $1.53
LOSS #3674784210 $-7.02
LOSS #3674789542 $-6.73
WIN  #3674829364 $1.33
WIN  #3674834575 $1.08
WIN  #3674843703 $1.22
LOSS #3674780380 $-5.25
LOSS #3674790493 $-5.35
WIN  #3674840103 $2.20
LOSS #3674874422 $-6.37
LOSS #3674883522 $-6.19
WIN  #3674911169 $2.51
WIN  #3674914458 $2.38
WIN  #3674915080 $2.48
WIN  #3674917522 $2.46
WIN  #3674918862 $2.36
WIN  #3674932381 $1.00
WIN  #3674933030 $1.38
WIN  #3674935335 $1.21
LOSS #3674953159 $-2.10
WIN  #3674940147 $1.04
WIN  #3674937678 $1.59
WIN  #3674939087 $2.01
WIN  #3674943600 $1.85
WIN  #3674944785 $1.77
WIN  #3675058077 $1.17
WIN  #3675221432 $1.13
WIN  #3675240044 $1.84
LOSS #3675298175 $-2.11
WIN  #3675316363 $2.19
LOSS #3675411551 $-2.59
WIN  #3675453239 $1.99
LOSS #3675498424 $-1.01
WIN  #3675783233 $1.76
LOSS #3675820873 $-0.69
WIN  #3676171564 $1.55
WIN  #3676206727 $1.99
WIN  #3676236883 $2.09
WIN  #3677183947 $5.80
WIN  #3677186345 $62.02
LOSS #3678498540 $-1.74
LOSS #3678508770 $-1.91
LOSS #3678549847 $-2.09
LOSS #3678555750 $-1.00
LOSS #3678567370 $-1.92
LOSS #3678561616 $-2.00
WIN  #3678742621 $0.13
LOSS #3678795642 $-1.26
LOSS #3678886258 $-0.97
LOSS #3678996560 $-0.04
WIN  #3678994200 $3.93
LOSS #3679058480 $-2.53
LOSS #3679065706 $-1.88
WIN  #3679039884 $2.43
WIN  #3679214592 $0.81
WIN  #3679239789 $4.46
WIN  #3679256296 $0.91
WIN  #3679304652 $4.91
WIN  #3679339842 $1.66
LOSS #3679399877 $-2.84
LOSS #3679460071 $-1.27
LOSS #3679485357 $-1.92
WIN  #3679761621 $1.94
WIN  #3679839458 $0.91
LOSS #3680380037 $-0.89
WIN  #3680381578 $0.96
LOSS #3680556392 $-12.63
LOSS #3680824695 $-0.26
LOSS #3680949895 $-1.35
WIN  #3681033042 $2.00
LOSS #3681122096 $-0.19
WIN  #3681139216 $2.31
WIN  #3681275887 $2.25
LOSS #3681451511 $-0.57
LOSS #3681568938 $-1.74
LOSS #3682306162 $-30.46
LOSS #3683520168 $-14.61
WIN  #3683706375 $19.63
WIN  #3683823031 $3.89
LOSS #3684091791 $-3.88
WIN  #3684284542 $1.81
LOSS #3684374772 $-1.11
WIN  #3684791522 $10.68
WIN  #3684841174 $7.03
WIN  #3685173438 $5.66
LOSS #3685075562 $-15.78
WIN  #3685385319 $2.68
LOSS #3685507114 $-1.59
LOSS #3685068943 $-1.73
